2025-09-21T20:59:48.613Z [BRIDGE] [INFO] Bridge Enabled
2025-09-21T20:59:53.617Z [BRIDGE] [INFO] Self test successful
2025-09-21T20:59:58.613Z [BRIDGE] [INFO] Updating bridge epoch 1758488398
2025-09-21T21:00:08.609Z [BRIDGE] [INFO] Updating bridge epoch 1758488408
2025-09-21T21:00:18.609Z [BRIDGE] [INFO] Updating bridge epoch 1758488418
2025-09-21T21:00:28.605Z [BRIDGE] [INFO] Updating bridge epoch 1758488428
2025-09-21T21:00:38.605Z [BRIDGE] [INFO] Updating bridge epoch 1758488438
2025-09-21T21:00:48.601Z [BRIDGE] [INFO] Updating bridge epoch 1758488448
2025-09-21T21:00:58.601Z [BRIDGE] [INFO] Updating bridge epoch 1758488458
2025-09-21T21:01:08.601Z [BRIDGE] [INFO] Updating bridge epoch 1758488468
2025-09-21T21:01:18.597Z [BRIDGE] [INFO] Updating bridge epoch 1758488478
2025-09-21T21:01:28.597Z [BRIDGE] [INFO] Updating bridge epoch 1758488488
2025-09-21T21:01:38.339Z [BRIDGE] [INFO] Updating bridge epoch 1758488498
2025-09-21T21:01:48.371Z [BRIDGE] [INFO] Updating bridge epoch 1758488508
2025-09-21T21:01:58.347Z [BRIDGE] [INFO] Updating bridge epoch 1758488518
2025-09-21T21:02:08.375Z [BRIDGE] [INFO] Updating bridge epoch 1758488528
2025-09-21T21:02:18.347Z [BRIDGE] [INFO] Updating bridge epoch 1758488538
2025-09-21T21:02:28.375Z [BRIDGE] [INFO] Updating bridge epoch 1758488548
2025-09-21T21:02:38.351Z [BRIDGE] [INFO] Updating bridge epoch 1758488558
2025-09-21T21:02:48.375Z [BRIDGE] [INFO] Updating bridge epoch 1758488568
2025-09-21T21:02:58.351Z [BRIDGE] [INFO] Updating bridge epoch 1758488578
2025-09-21T21:03:08.375Z [BRIDGE] [INFO] Updating bridge epoch 1758488588
2025-09-21T21:03:18.347Z [BRIDGE] [INFO] Updating bridge epoch 1758488598
2025-09-21T21:03:28.378Z [BRIDGE] [INFO] Updating bridge epoch 1758488608
2025-09-21T21:03:38.351Z [BRIDGE] [INFO] Updating bridge epoch 1758488618
2025-09-21T21:03:48.375Z [BRIDGE] [INFO] Updating bridge epoch 1758488628
2025-09-21T21:03:58.355Z [BRIDGE] [INFO] Updating bridge epoch 1758488638
2025-09-21T21:04:08.382Z [BRIDGE] [INFO] Updating bridge epoch 1758488648
2025-09-21T21:04:18.355Z [BRIDGE] [INFO] Updating bridge epoch 1758488658
2025-09-21T21:04:28.382Z [BRIDGE] [INFO] Updating bridge epoch 1758488668
2025-09-21T21:04:28.484Z [BRIDGE] [WARNING] Ack timeout
2025-09-21T21:04:28.484Z [BRIDGE] [WARNING] Unable to update epoch
2025-09-21T21:04:38.355Z [BRIDGE] [INFO] Updating bridge epoch 1758488678
2025-09-21T21:04:48.386Z [BRIDGE] [INFO] Updating bridge epoch 1758488688
2025-09-21T21:04:58.359Z [BRIDGE] [INFO] Updating bridge epoch 1758488698
2025-09-21T21:05:08.386Z [BRIDGE] [INFO] Updating bridge epoch 1758488708
2025-09-21T21:05:18.355Z [BRIDGE] [INFO] Updating bridge epoch 1758488718
2025-09-21T21:05:28.386Z [BRIDGE] [INFO] Updating bridge epoch 1758488728
2025-09-21T21:05:38.359Z [BRIDGE] [INFO] Updating bridge epoch 1758488738
2025-09-21T21:05:48.386Z [BRIDGE] [INFO] Updating bridge epoch 1758488748
2025-09-21T21:05:58.363Z [BRIDGE] [INFO] Updating bridge epoch 1758488758
2025-09-21T21:06:08.382Z [BRIDGE] [INFO] Updating bridge epoch 1758488768
2025-09-21T21:06:18.363Z [BRIDGE] [INFO] Updating bridge epoch 1758488778
2025-09-21T21:06:18.464Z [BRIDGE] [WARNING] Ack timeout
2025-09-21T21:06:18.464Z [BRIDGE] [WARNING] Unable to update epoch
2025-09-21T21:06:28.390Z [BRIDGE] [INFO] Updating bridge epoch 1758488788
2025-09-21T21:06:38.363Z [BRIDGE] [INFO] Updating bridge epoch 1758488798
2025-09-21T21:06:48.394Z [BRIDGE] [INFO] Updating bridge epoch 1758488808
2025-09-21T21:06:58.367Z [BRIDGE] [INFO] Updating bridge epoch 1758488818
2025-09-21T21:07:08.390Z [BRIDGE] [INF