2025-09-21T20:59:45.503Z [GPS] [WARNING] Initializing GPS. Tries remaining 3
2025-09-21T20:59:45.730Z [GPS] [WARNING] TXT: u-blox AG - www.u-blox.com
2025-09-21T20:59:45.773Z [GPS] [WARNING] TXT: HW UBX-M8030 00080000
2025-09-21T20:59:45.820Z [GPS] [WARNING] TXT: EXT CORE 3.01 (107900)
2025-09-21T20:59:45.863Z [GPS] [WARNING] TXT: ROM BASE 3.01 (107888)
2025-09-21T20:59:45.902Z [GPS] [WARNING] TXT: FWVER=SPG 3.01
2025-09-21T20:59:45.937Z [GPS] [WARNING] TXT: PROTVER=18.00
2025-09-21T20:59:45.972Z [GPS] [WARNING] TXT: MOD=NEO-M8N-0
2025-09-21T20:59:46.015Z [GPS] [WARNING] TXT: FIS=0xEF4015 (100111)
2025-09-21T20:59:46.054Z [GPS] [WARNING] TXT: GPS;GLO;GAL;BDS
2025-09-21T20:59:46.089Z [GPS] [WARNING] TXT: SBAS;IMES;QZSS
2025-09-21T20:59:46.128Z [GPS] [WARNING] TXT: GNSS OTP=GPS;GLO
2025-09-21T20:59:46.199Z [GPS] [WARNING] TXT: LLC=FFFFFFFF-FFFFFFED-FFFFFFFF-FFFFFFFF-FFFFFF69
2025-09-21T20:59:46.246Z [GPS] [WARNING] TXT: ANTSUPERV=AC SD PDoS SR
2025-09-21T20:59:46.285Z [GPS] [WARNING] TXT: ANTSTATUS=DONTKNOW
2025-09-21T20:59:46.312Z [GPS] [WARNING] TXT: PF=3FF
2025-09-21T20:59:46.937Z [GPS] [WARNING] TXT: ANTSTATUS=INIT
2025-09-21T20:59:47.250Z [GPS] [WARNING] TXT: Resetting GNSS
2025-09-21T20:59:47.679Z [GPS] [WARNING] TXT: Resetting GNSS
2025-09-21T20:59:47.742Z [GPS] [WARNING] TXT: ANTSUPERV=AC SD OD PDoS SR
2025-09-21T20:59:48.507Z [GPS] [WARNING] Successfully initialized GPS!
2025-09-21T20:59:48.699Z [GPS] [WARNING] TXT: ANTSTATUS=OK
2025-09-21T21:01:48.414Z [GPS] [INFO] Max CNO changed from -1 to 46
2025-09-21T21:03:48.429Z [GPS] [INFO] Max CNO changed from 46 to 37
2025-09-21T21:04:08.437Z [GPS] [INFO] Max CNO changed from 37 to 45
2025-09-21T21:06:08.449Z [GPS] [INFO] Max CNO changed from 45 to 23
2025-09-21T21:06:28.457Z [GPS] [INFO] Max CNO changed from 23 to 47
